
<command line>:
    Could not find module `test02':
      Use -v to see a list of the files searched for.
