[1 of 2] Compiling Test02Dep        ( Test02Dep.lsk, Test02Dep.o )
[2 of 2] Compiling Test02           ( Test02.lsk, Test02.o )
Linking Test02 ...
