[1 of 1] Compiling Main             ( Test01.lsk, Test01.o )
Linking Test01 ...
