[1 of 1] Compiling Main             ( exprforms.lsk, exprforms.o )
Linking exprforms ...
