
AvgmTest.lsk:3:71:
    Couldn't match expected type `TransformationMonad (HsExpr.LHsExpr RdrName.RdrName)'
	   against inferred type `(ParseTree -> a) -> (ParseTree -> a) -> a'
    In the second argument of `avgm-dspr', namely `e'
    In the first argument of `LskEnv', namely `avgm-dspr trf_expr e'
    In the first argument of `return', namely
	`LskEnv (avgm-dspr trf_expr e) p t d'
Loading package base ... linking ... done.
Loading package template-haskell ... linking ... done.
Loading package readline-1.0 ... linking ... done.
Loading package unix-1.0 ... linking ... done.
Loading package Cabal-1.1.7 ... linking ... done.
Loading package regex-base-0.71 ... linking ... done.
Loading package regex-posix-0.71 ... linking ... done.
Loading package regex-compat-0.71 ... linking ... done.
Loading package haskell98 ... linking ... done.
Loading package ghc-6.7 ... linking ... done.
