
NopDispatcher.lsk:1:79:
    Failed to load interface for `Quote':
      Use -v to see a list of the files searched for.
