[1 of 1] Compiling TypeForms        ( TypeForms.lsk, TypeForms.o )
Warning: output was redirected with -o, but no output will be generated
because there is no Main module.
