[1 of 1] Compiling Main             ( patternforms.lsk, patternforms.o )
Linking patternforms ...
